d:\ahu\学习 科目\算法程序设计\chrome dino game\x64\debug\vc143.pdb
d:\ahu\学习 科目\算法程序设计\chrome dino game\x64\debug\vc143.idb
d:\ahu\学习 科目\算法程序设计\chrome dino game\x64\debug\game.obj
d:\ahu\学习 科目\算法程序设计\chrome dino game\x64\debug\face.obj
d:\ahu\学习 科目\算法程序设计\chrome dino game\x64\debug\main.obj
d:\ahu\学习 科目\算法程序设计\chrome dino game\x64\debug\dinosaur.obj
d:\ahu\学习 科目\算法程序设计\chrome dino game\x64\debug\obstacle.obj
d:\ahu\学习 科目\算法程序设计\chrome dino game\x64\debug\chrome dino game.pdb
d:\ahu\学习 科目\算法程序设计\chrome dino game\x64\debug\chrome dino game.tlog\cl.command.1.tlog
d:\ahu\学习 科目\算法程序设计\chrome dino game\x64\debug\chrome dino game.tlog\cl.items.tlog
d:\ahu\学习 科目\算法程序设计\chrome dino game\x64\debug\chrome dino game.tlog\cl.read.1.tlog
d:\ahu\学习 科目\算法程序设计\chrome dino game\x64\debug\chrome dino game.tlog\cl.write.1.tlog
d:\ahu\学习 科目\算法程序设计\chrome dino game\x64\debug\chrome dino game.tlog\link-cvtres.read.1.tlog
d:\ahu\学习 科目\算法程序设计\chrome dino game\x64\debug\chrome dino game.tlog\link-cvtres.write.1.tlog
d:\ahu\学习 科目\算法程序设计\chrome dino game\x64\debug\chrome dino game.tlog\link-rc.read.1.tlog
d:\ahu\学习 科目\算法程序设计\chrome dino game\x64\debug\chrome dino game.tlog\link-rc.write.1.tlog
d:\ahu\学习 科目\算法程序设计\chrome dino game\x64\debug\chrome dino game.tlog\link.3080-cvtres.read.1.tlog
d:\ahu\学习 科目\算法程序设计\chrome dino game\x64\debug\chrome dino game.tlog\link.3080-cvtres.write.1.tlog
d:\ahu\学习 科目\算法程序设计\chrome dino game\x64\debug\chrome dino game.tlog\link.3080-rc.read.1.tlog
d:\ahu\学习 科目\算法程序设计\chrome dino game\x64\debug\chrome dino game.tlog\link.3080-rc.write.1.tlog
d:\ahu\学习 科目\算法程序设计\chrome dino game\x64\debug\chrome dino game.tlog\link.3080.read.1.tlog
d:\ahu\学习 科目\算法程序设计\chrome dino game\x64\debug\chrome dino game.tlog\link.3080.read.2.tlog
d:\ahu\学习 科目\算法程序设计\chrome dino game\x64\debug\chrome dino game.tlog\link.3080.read.3.tlog
d:\ahu\学习 科目\算法程序设计\chrome dino game\x64\debug\chrome dino game.tlog\link.3080.read.4.tlog
d:\ahu\学习 科目\算法程序设计\chrome dino game\x64\debug\chrome dino game.tlog\link.3080.write.1.tlog
d:\ahu\学习 科目\算法程序设计\chrome dino game\x64\debug\chrome dino game.tlog\link.command.1.tlog
d:\ahu\学习 科目\算法程序设计\chrome dino game\x64\debug\chrome dino game.tlog\link.read.1.tlog
d:\ahu\学习 科目\算法程序设计\chrome dino game\x64\debug\chrome dino game.tlog\link.read.2.tlog
d:\ahu\学习 科目\算法程序设计\chrome dino game\x64\debug\chrome dino game.tlog\link.read.3.tlog
d:\ahu\学习 科目\算法程序设计\chrome dino game\x64\debug\chrome dino game.tlog\link.read.4.tlog
d:\ahu\学习 科目\算法程序设计\chrome dino game\x64\debug\chrome dino game.tlog\link.write.1.tlog
